[INFO] Scanning for projects...
[INFO] 
[INFO] -------------------< com.alphateckplus.potify:pool >--------------------
[INFO] Building pool 0.0.1-SNAPSHOT
[INFO]   from pom.xml
[INFO] --------------------------------[ jar ]---------------------------------
[INFO] 
[INFO] >>> spring-boot:3.4.2:run (default-cli) > test-compile @ pool >>>
[INFO] 
[INFO] --- resources:3.3.1:resources (default-resources) @ pool ---
[INFO] Copying 1 resource from src\main\resources to target\classes
[INFO] Copying 0 resource from src\main\resources to target\classes
[INFO] 
[INFO] --- compiler:3.11.0:compile (default-compile) @ pool ---
[INFO] Nothing to compile - all classes are up to date
[INFO] 
[INFO] --- resources:3.3.1:testResources (default-testResources) @ pool ---
[INFO] Copying 1 resource from src\test\resources to target\test-classes
[INFO] 
[INFO] --- compiler:3.11.0:testCompile (default-testCompile) @ pool ---
[INFO] Nothing to compile - all classes are up to date
[INFO] 
[INFO] <<< spring-boot:3.4.2:run (default-cli) < test-compile @ pool <<<
[INFO] 
[INFO] 
[INFO] --- spring-boot:3.4.2:run (default-cli) @ pool ---
[INFO] Attaching agents: []

  .   ____          _            __ _ _
 /\\ / ___'_ __ _ _(_)_ __  __ _ \ \ \ \
( ( )\___ | '_ | '_| | '_ \/ _` | \ \ \ \
 \\/  ___)| |_)| | | | | || (_| |  ) ) ) )
  '  |____| .__|_| |_|_| |_\__, | / / / /
 =========|_|==============|___/=/_/_/_/

 :: Spring Boot ::                (v3.4.2)

2026-05-07T11:03:29.000+01:00  INFO 15496 --- [pool] [           main] c.a.potify.pool.PoolApplication          : Starting PoolApplication using Java 21.0.10 with PID 15496 (C:\Users\nizar\Desktop\Project\potify\pool\target\classes started by nizar in C:\Users\nizar\Desktop\Project\potify\pool)
2026-05-07T11:03:29.004+01:00  INFO 15496 --- [pool] [           main] c.a.potify.pool.PoolApplication          : No active profile set, falling back to 1 default profile: "default"
2026-05-07T11:03:29.606+01:00  INFO 15496 --- [pool] [           main] .s.d.r.c.RepositoryConfigurationDelegate : Bootstrapping Spring Data JPA repositories in DEFAULT mode.
2026-05-07T11:03:29.680+01:00  INFO 15496 --- [pool] [           main] .s.d.r.c.RepositoryConfigurationDelegate : Finished Spring Data repository scanning in 63 ms. Found 14 JPA repository interfaces.
2026-05-07T11:03:30.591+01:00  INFO 15496 --- [pool] [           main] o.s.b.w.embedded.tomcat.TomcatWebServer  : Tomcat initialized with port 8082 (http)
2026-05-07T11:03:30.606+01:00  INFO 15496 --- [pool] [           main] o.apache.catalina.core.StandardService   : Starting service [Tomcat]
2026-05-07T11:03:30.607+01:00  INFO 15496 --- [pool] [           main] o.apache.catalina.core.StandardEngine    : Starting Servlet engine: [Apache Tomcat/10.1.34]
2026-05-07T11:03:30.662+01:00  INFO 15496 --- [pool] [           main] o.a.c.c.C.[Tomcat].[localhost].[/]       : Initializing Spring embedded WebApplicationContext
2026-05-07T11:03:30.664+01:00  INFO 15496 --- [pool] [           main] w.s.c.ServletWebServerApplicationContext : Root WebApplicationContext: initialization completed in 1612 ms
2026-05-07T11:03:30.814+01:00  INFO 15496 --- [pool] [           main] o.hibernate.jpa.internal.util.LogHelper  : HHH000204: Processing PersistenceUnitInfo [name: default]
2026-05-07T11:03:30.877+01:00  INFO 15496 --- [pool] [           main] org.hibernate.Version                    : HHH000412: Hibernate ORM core version 6.6.5.Final
2026-05-07T11:03:30.910+01:00  INFO 15496 --- [pool] [           main] o.h.c.internal.RegionFactoryInitiator    : HHH000026: Second-level cache disabled
2026-05-07T11:03:31.160+01:00  INFO 15496 --- [pool] [           main] o.s.o.j.p.SpringPersistenceUnitInfo      : No LoadTimeWeaver setup: ignoring JPA class transformer
2026-05-07T11:03:31.188+01:00  INFO 15496 --- [pool] [           main] com.zaxxer.hikari.HikariDataSource       : HikariPool-1 - Starting...
2026-05-07T11:03:31.351+01:00  INFO 15496 --- [pool] [           main] com.zaxxer.hikari.pool.HikariPool        : HikariPool-1 - Added connection org.postgresql.jdbc.PgConnection@2d459bda
2026-05-07T11:03:31.354+01:00  INFO 15496 --- [pool] [           main] com.zaxxer.hikari.HikariDataSource       : HikariPool-1 - Start completed.
2026-05-07T11:03:31.414+01:00  INFO 15496 --- [pool] [           main] org.hibernate.orm.connections.pooling    : HHH10001005: Database info:
	Database JDBC URL [Connecting through datasource 'HikariDataSource (HikariPool-1)']
	Database driver: undefined/unknown
	Database version: 18.3
	Autocommit mode: undefined/unknown
	Isolation level: undefined/unknown
	Minimum pool size: undefined/unknown
	Maximum pool size: undefined/unknown
2026-05-07T11:03:32.574+01:00  INFO 15496 --- [pool] [           main] o.h.e.t.j.p.i.JtaPlatformInitiator       : HHH000489: No JTA platform available (set 'hibernate.transaction.jta.platform' to enable JTA platform integration)
2026-05-07T11:03:33.670+01:00  INFO 15496 --- [pool] [           main] j.LocalContainerEntityManagerFactoryBean : Initialized JPA EntityManagerFactory for persistence unit 'default'
2026-05-07T11:03:33.900+01:00  INFO 15496 --- [pool] [           main] o.s.d.j.r.query.QueryEnhancerFactory     : Hibernate is in classpath; If applicable, HQL parser will be used.
2026-05-07T11:03:34.520+01:00  WARN 15496 --- [pool] [           main] .s.s.UserDetailsServiceAutoConfiguration : 

Using generated security password: 0d193c59-09a8-4466-b8c4-6cdf6e5b03b8

This generated password is for development use only. Your security configuration must be updated before running your application in production.

2026-05-07T11:03:34.539+01:00  INFO 15496 --- [pool] [           main] r$InitializeUserDetailsManagerConfigurer : Global AuthenticationManager configured with UserDetailsService bean with name inMemoryUserDetailsManager
2026-05-07T11:03:35.176+01:00  INFO 15496 --- [pool] [           main] o.s.b.w.embedded.tomcat.TomcatWebServer  : Tomcat started on port 8082 (http) with context path '/'
2026-05-07T11:03:35.193+01:00  INFO 15496 --- [pool] [           main] c.a.potify.pool.PoolApplication          : Started PoolApplication in 6.603 seconds (process running for 6.951)
>>> [Nettoyage] Suppression de la contrainte pools_status_check...
>>> [Nettoyage] Contrainte supprimée avec succès.
2026-05-07T13:58:37.886+01:00  WARN 15496 --- [pool] [l-1 housekeeper] com.zaxxer.hikari.pool.HikariPool        : HikariPool-1 - Thread starvation or clock leap detected (housekeeper delta=2h37m36s181ms268Âµs500ns).
2026-05-07T13:59:35.220+01:00  INFO 15496 --- [pool] [nio-8082-exec-1] o.a.c.c.C.[Tomcat].[localhost].[/]       : Initializing Spring DispatcherServlet 'dispatcherServlet'
2026-05-07T13:59:35.222+01:00  INFO 15496 --- [pool] [nio-8082-exec-1] o.s.web.servlet.DispatcherServlet        : Initializing Servlet 'dispatcherServlet'
2026-05-07T13:59:35.224+01:00  INFO 15496 --- [pool] [nio-8082-exec-1] o.s.web.servlet.DispatcherServlet        : Completed initialization in 1 ms
[INFO] ------------------------------------------------------------------------
[INFO] BUILD FAILURE
[INFO] ------------------------------------------------------------------------
[INFO] Total time:  04:29 h
[INFO] Finished at: 2026-05-07T15:32:38+01:00
[INFO] ------------------------------------------------------------------------
[ERROR] Failed to execute goal org.springframework.boot:spring-boot-maven-plugin:3.4.2:run (default-cli) on project pool: Process terminated with exit code: -1 -> [Help 1]
[ERROR] 
[ERROR] To see the full stack trace of the errors, re-run Maven with the -e switch.
[ERROR] Re-run Maven using the -X switch to enable full debug logging.
[ERROR] 
[ERROR] For more information about the errors and possible solutions, please read the following articles:
[ERROR] [Help 1] http://cwiki.apache.org/confluence/display/MAVEN/MojoExecutionException
